// Jest Snapshot v1, https://goo.gl/fbAQLP

exports[`EmailAndConfirmEmail Snapshot 1`] = `
.c0 {
  display: flex;
  gap: 20px;
}

.c1 {
  width: 55%;
}

.c6 {
  width: 42%;
}

.c2 {
  display: flex;
  align-items: center;
  justify-content: center;
  position: relative;
  border-width: 1px 1px 1px 5px;
  border-style: solid;
  border-color: #8080804d;
  border-color: #8080804d;
  margin-bottom: 6px;
}

.c3 {
  left: 0;
  top: 0;
  width: 45px;
  height: 22px;
  border-right: 1px solid rgb(221, 221, 221);
}

.c3 svg {
  width: 100%;
  height: 100%;
  fill: #8080804d;
}

.c4 {
  position: absolute;
  left: 53px;
  top: 13px;
  font-size: 13px;
  color: #a4a2a2;
  pointer-events: none;
  transition: top 0.2s ease,font-size 0.2s ease;
}

.c5 {
  border: none;
  width: 100%;
  height: 100%;
  outline: none;
  padding: 13px;
}

.c7 {
  border: none;
  width: 100%;
  height: 100%;
  outline: none;
  padding: 13px;
}

<div>
  <div
    class="c0"
  >
    <div
      class="c1"
    >
      <div
        class="c2"
      >
        <div
          class="c3"
        >
          <svg
            class="styled__CredentialIcon-btCXJl kuwuSY"
          >
            <svg
              role="img"
              viewBox="0 0 32 33"
              xmlns="http://www.w3.org/2000/svg"
            >
              <path
                d="m15.403 19.613-2.127-2a.844.844 0 0 1-.065.065l-5.37 4.836H24.16l-5.37-4.836a.844.844 0 0 1-.065-.065l-2.127 2a.875.875 0 0 1-1.194 0zM16 17.88l7.29-6.852H8.71L16 17.881zm8.519-5.713L19.94 16.47a.858.858 0 0 1 .012.01l4.566 4.112v-8.424zM7.48 20.592l4.566-4.112a.858.858 0 0 1 .012-.01L7.48 12.168v8.424zm-1.703-9.303c0-1.05.789-1.9 1.76-1.9H24.46c.973 0 1.761.858 1.761 1.9v10.965c0 1.05-.789 1.9-1.76 1.9H7.538c-.973 0-1.761-.857-1.761-1.9V11.29z"
                stroke-width="0.5"
              />
            </svg>
          </svg>
        </div>
        <span
          class="c4"
        >
          *E-mail
        </span>
        <input
          class="c5"
          id="input-email"
          type="text"
        />
      </div>
    </div>
    <div
      class="c6"
    >
      <div
        class="c2"
      >
        <div
          class="c3"
        >
          <svg
            class="styled__CredentialIcon-btCXJl kuwuSY"
          >
            <svg
              role="img"
              viewBox="0 0 32 33"
              xmlns="http://www.w3.org/2000/svg"
            >
              <path
                d="m15.403 19.613-2.127-2a.844.844 0 0 1-.065.065l-5.37 4.836H24.16l-5.37-4.836a.844.844 0 0 1-.065-.065l-2.127 2a.875.875 0 0 1-1.194 0zM16 17.88l7.29-6.852H8.71L16 17.881zm8.519-5.713L19.94 16.47a.858.858 0 0 1 .012.01l4.566 4.112v-8.424zM7.48 20.592l4.566-4.112a.858.858 0 0 1 .012-.01L7.48 12.168v8.424zm-1.703-9.303c0-1.05.789-1.9 1.76-1.9H24.46c.973 0 1.761.858 1.761 1.9v10.965c0 1.05-.789 1.9-1.76 1.9H7.538c-.973 0-1.761-.857-1.761-1.9V11.29z"
                stroke-width="0.5"
              />
            </svg>
          </svg>
        </div>
        <span
          class="c4"
        >
          *Confirmação do E-mail
        </span>
        <input
          class="c7"
          id="input-confirm-email"
          type="text"
        />
      </div>
    </div>
  </div>
</div>
`;
