// Jest Snapshot v1, https://goo.gl/fbAQLP

exports[`SecondContainer should matchSnapshot 1`] = `
.c0 {
  display: flex;
  width: 50%;
  align-items: center;
  justify-content: flex-end;
  gap: 30px;
}

.c1 {
  cursor: pointer;
}

.c1 svg {
  width: 3.5rem;
  fill: rgb(231 235 248);
}

.c1:hover svg {
  fill: rgb(221 227 248 / 85%);
}

.c2 {
  display: flex;
  gap: 12px;
  position: relative;
}

.c6 {
  margin-right: 80px;
  cursor: pointer;
}

.c6 svg {
  width: 3.5rem;
  fill: rgb(231 235 248);
}

.c6:hover svg {
  fill: rgb(221 227 248 / 85%);
}

.c3 {
  cursor: pointer;
}

.c3 svg {
  width: 3.5rem;
  fill: rgb(231 235 248);
}

.c3:hover svg {
  fill: rgb(221 227 248 / 85%);
}

.c4 {
  color: #ffc811;
  font-size: 15px;
  font-weight: 500;
  cursor: pointer;
  user-select: none;
}

.c5 {
  width: 9rem;
  font-size: 14px;
  cursor: pointer;
  color: rgb(231 235 248);
  user-select: none;
}

.c5:hover {
  color: rgb(221 227 248 / 85%);
}

<div>
  <div
    class="c0"
  >
    <div
      class="c1"
      data-testid="container-loupe"
    >
      <svg
        viewBox="0 0 24 24"
        xmlns="http://www.w3.org/2000/svg"
      >
        <path
          d="M9.75 2.75a6.625 6.625 0 0 1 4.99 10.983c.039.027.077.06.113.095l5.569 5.57c.341.341.36.875.043 1.192-.317.318-.851.298-1.193-.043l-5.569-5.57a.939.939 0 0 1-.142-.182A6.625 6.625 0 1 1 9.75 2.75zm0 1.625a5 5 0 1 0 0 10 5 5 0 0 0 0-10zm-3.417 3.74c.206.019.36.2.341.406-.184 2.152.69 3.352 2.703 3.727a.375.375 0 0 1-.138.737c-2.398-.447-3.529-1.998-3.312-4.528a.375.375 0 0 1 .406-.341z"
          fill-rule="evenodd"
        />
      </svg>
    </div>
    <div
      class="c2"
    >
      <div
        class="c3"
      >
        <svg
          class="user-logo-svg"
          viewBox="0 0 64 64"
          xmlns="http://www.w3.org/2000/svg"
        >
          <path
            d="M32 6.667c13.991 0 25.333 11.342 25.333 25.333 0 13.991-11.342 25.333-25.333 25.333C18.009 57.333 6.667 45.991 6.667 32 6.667 18.009 18.009 6.667 32 6.667zm0 14.75c-4.631 0-5.948 2.607-5.058 8.026.04.24.034.486-.014.724-.362 1.768.122 3.687 1.238 5.742.32.588 1.623 2.583 1.75 3.008a2.001 2.001 0 0 1-1.298 2.476c-5.486 1.784-10.476 3.566-12.52 4.555 3.883 4.52 9.642 7.385 16.069 7.385 6.318 0 11.99-2.768 15.868-7.158l-12.26-4.819a2 2 0 0 1-.986-2.907c1.344-2.202 2.24-4.029 2.688-5.451.367-1.164.395-1.915.238-2.246a1.999 1.999 0 0 1-.19-.966c.373-6.9-.518-8.37-5.525-8.37zM32.167 11C20.477 11 11 20.477 11 32.167c0 3.817 1.01 7.398 2.778 10.49 2.005-1.05 6.496-2.693 11.192-4.272-.107-.184-.212-.37-.318-.566-1.458-2.683-2.165-5.351-1.713-8.079-.47-3.134-.282-5.824.804-7.973 1.428-2.83 4.245-4.35 8.257-4.35 4.048 0 6.728 1.094 8.228 3.568 1.199 1.976 1.506 4.493 1.313 8.581.724 2.175-.053 5.075-2.141 8.902l11.056 4.36a21.054 21.054 0 0 0 2.877-10.661C53.333 20.477 43.857 11 32.167 11z"
            fill-rule="evenodd"
          />
        </svg>
      </div>
      <div
        class=""
      >
        <p
          class="c4"
        >
          Ol√°, 
          Augusto
        </p>
        <span
          class="c5"
        >
          Meus pedidos
        </span>
      </div>
    </div>
    <div
      class="c6"
      data-testid="container-question-mark"
    >
      <svg
        viewBox="0 0 64 64"
        xmlns="http://www.w3.org/2000/svg"
      >
        <path
          d="M32 6.667c13.991 0 25.333 11.342 25.333 25.333 0 13.991-11.342 25.333-25.333 25.333C18.009 57.333 6.667 45.991 6.667 32 6.667 18.009 18.009 6.667 32 6.667zM32.167 11C20.477 11 11 20.477 11 32.167c0 11.69 9.477 21.166 21.167 21.166 11.69 0 21.166-9.476 21.166-21.166S43.857 11 32.167 11zm0 31.667A2.853 2.853 0 0 1 35 45.5c0 1.519-1.298 2.833-2.833 2.833-1.535 0-2.834-1.314-2.834-2.833a2.854 2.854 0 0 1 2.834-2.833zM32 17.333c5.46 0 9.332 3.812 9.332 9.417 0 2.767-1.396 5.623-4.24 7.56a22.575 22.575 0 0 1-2.84 1.631l-.049.024v2.702a2 2 0 0 1-4 0v-4a2 2 0 0 1 1.278-1.865c.037-.015.125-.05.257-.107a19.07 19.07 0 0 0 3.102-1.692c.691-.466 2.492-1.29 2.492-4.253s-1.559-5.416-5.25-5.416c-3.972 0-5.416 2.323-5.416 5.5 0 1.104-1.23 2-2.334 2s-2-.896-2-2c0-5.47 4.079-9.5 9.668-9.5z"
        />
      </svg>
    </div>
  </div>
</div>
`;
