// Jest Snapshot v1, https://goo.gl/fbAQLP

exports[`YourNameAndCpf Snapshot 1`] = `
.c0 {
  display: flex;
  gap: 20px;
}

.c1 {
  display: flex;
  flex-direction: column;
  width: 55%;
}

.c2 {
  display: flex;
  align-items: center;
  justify-content: center;
  position: relative;
  border-width: 1px 1px 1px 5px;
  border-style: solid;
  border-color: #8080804d;
  border-color: #8080804d;
  margin-bottom: 6px;
}

.c3 {
  position: absolute;
  left: 16px;
  top: 13px;
  font-size: 13px;
  color: #a4a2a2;
  pointer-events: none;
  transition: top 0.2s ease,font-size 0.2s ease;
}

.c4 {
  border: none;
  width: 100%;
  height: 100%;
  outline: none;
  padding: 13px;
}

.c5 {
  width: 25%;
}

.c6 {
  display: flex;
  align-items: center;
  justify-content: center;
  position: relative;
  border-width: 1px 1px 1px 5px;
  border-style: solid;
  border-color: #8080804d;
  border-color: #8080804d;
  margin-bottom: 6px;
}

.c7 {
  position: absolute;
  left: 16px;
  top: 4px;
  font-size: 11px;
  color: #a4a2a2;
  pointer-events: none;
  transition: top 0.2s ease,font-size 0.2s ease;
}

.c8 {
  border: none;
  width: 100%;
  height: 100%;
  outline: none;
  padding: 0px;
  padding-top: 18px;
  padding-left: 17px;
  padding-bottom: 8px;
  user-select: none;
}

<div>
  <div
    class="c0"
  >
    <div
      class="c1"
    >
      <div
        class="c2"
      >
        <span
          class="c3"
        >
          *Como quer ser chamado
        </span>
        <input
          class="c4"
          id="input-your-name"
          type="text"
        />
      </div>
    </div>
    <div
      class="c5"
    >
      <div
        class="c6"
      >
        <span
          class="c7"
        >
          *CPF
        </span>
        <input
          class="c8"
          id="input-cpf"
          maxlength="24"
          type="text"
          value="___.___.___-__"
        />
      </div>
    </div>
  </div>
</div>
`;
