// Jest Snapshot v1, https://goo.gl/fbAQLP

exports[`Login should render Login 1`] = `
.c0 {
  font-size: 1.6rem;
}

<div>
  <div
    class="c0"
  >
    <h1>
      Tetse
    </h1>
  </div>
</div>
`;
