// Jest Snapshot v1, https://goo.gl/fbAQLP

exports[`EnterOrRegister should matchSnapshot 1`] = `
.c0 {
  position: absolute;
  left: -254px;
  top: 50px;
  background-color: #191919;
  width: 51rem;
  height: 26rem;
  display: flex;
  padding: 30px 10px;
}

.c0 svg {
  position: relative;
  color: #191919;
  font-size: 39px;
  left: 249px;
  bottom: 52px;
}

.c1 {
  width: 50%;
  padding-right: 15px;
}

.c2 {
  display: flex;
  flex-direction: column;
  gap: 30px;
}

.c3 {
  font-size: 17px;
  color: white;
  font-weight: 600;
}

.c4 {
  font-size: 14px;
  color: white;
}

.c5 {
  padding: 10px;
  border: none;
  background: #0099ff;
  color: #000000;
  font-size: 14px;
  font-weight: 700;
  border-radius: 6px;
  cursor: pointer;
}

.c6 {
  border-right: 1px solid #ffffff5e;
  margin-left: 13px;
}

.c7 {
  width: 50%;
  padding-left: 20px;
  display: flex;
  flex-direction: column;
  gap: 25px;
}

.c8 {
  color: #2196f3;
  font-size: 15px;
  cursor: pointer;
}

<div>
  <div
    class="c0"
  >
    <svg
      aria-hidden="true"
      class="svg-inline--fa fa-caret-up "
      data-icon="caret-up"
      data-prefix="fas"
      focusable="false"
      role="img"
      viewBox="0 0 320 512"
      xmlns="http://www.w3.org/2000/svg"
    >
      <path
        d="M182.6 137.4c-12.5-12.5-32.8-12.5-45.3 0l-128 128c-9.2 9.2-11.9 22.9-6.9 34.9s16.6 19.8 29.6 19.8H288c12.9 0 24.6-7.8 29.6-19.8s2.2-25.7-6.9-34.9l-128-128z"
        fill="currentColor"
      />
    </svg>
    <div
      class="c1"
    >
      <div
        class="c2"
      >
        <h2
          class="c3"
        >
          Ainda não é cliente Ingresso.com?
        </h2>
        <p
          class="c4"
        >
          Compre ingressos e combos de pipoca para ir ao cinema com segurança e mais comodidade!
        </p>
        <button
          class="c5"
        >
          CRIAR UMA NOVA CONTA
        </button>
      </div>
    </div>
    <div
      class="c6"
    />
    <div
      class="c7"
    >
      <h2
        class="c3"
      >
        Cliente Ingresso.com?
      </h2>
      <a
        class="c8"
      >
        Entrar na minha Conta
      </a>
    </div>
  </div>
</div>
`;
