// Jest Snapshot v1, https://goo.gl/fbAQLP

exports[`RedirectUserSvg should render 1`] = `
.c0 {
  width: 100%;
  display: flex;
  align-items: center;
  padding: 10px;
  background: #80808021;
  border-left: 5px solid #039de2;
  cursor: pointer;
  gap: 8px;
}

.c1 svg {
  fill: #2196F3;
  display: block;
  min-height: 33px;
}

.c2 {
  color: #2196F3;
  font-size: 15px;
  text-align: center;
  display: block;
}

<div>
  <div
    class="c0"
  >
    <div
      class="c1"
    >
      <svg
        class="ticket-svg"
        height="30"
        role="img"
        viewBox="0 0 32 33"
        width="30"
        xmlns="http://www.w3.org/2000/svg"
      >
        <path
          d="M10.775 24.309c.19.329.606.446.926.261l9.93-5.733.692 1.197-9.931 5.734c-.964.557-2.213.206-2.785-.785l-.719-1.245s1.564-1.382.415-3.371c-1.149-1.99-2.97-1.054-2.97-1.054l-.877-1.52c-.572-.99-.252-2.245.714-2.802l9.93-5.734.692 1.197-9.931 5.734a.678.678 0 0 0-.237.93l.354.613c.132-.01.27-.015.413-.011 1.218.03 2.329.672 3.08 1.972.73 1.264.776 2.538.308 3.663-.078.188-.165.36-.256.517l.252.437ZM21.225 8.69a.681.681 0 0 0-.926-.261l-9.93 5.733-.692-1.197 9.931-5.734c.964-.557 2.213-.206 2.785.785l.719 1.245s-1.564 1.382-.415 3.371c1.149 1.99 2.97 1.054 2.97 1.054l.877 1.52c.572.99.252 2.245-.714 2.802l-9.93 5.734-.692-1.197 9.931-5.734a.678.678 0 0 0 .237-.93l-.354-.613c-.132.01-.27.015-.413.011-1.218-.03-2.329-.672-3.08-1.972-.73-1.264-.776-2.538-.308-3.663.078-.188.165-.36.256-.517l-.252-.437Z"
        />
      </svg>
    </div>
    <span
      class="c2"
    >
      Meus Pedidos
    </span>
  </div>
</div>
`;

exports[`RedirectUserSvg should render 2`] = `
.c0 {
  width: 100%;
  display: flex;
  align-items: center;
  padding: 10px;
  background: #80808021;
  border-left: 5px solid #039de2;
  cursor: pointer;
  background: rgb(255, 115, 0);
  border-left: none;
  gap: 8px;
}

.c1 svg {
  fill: #2196F3;
  display: block;
  min-height: 33px;
  fill: #ffffff;
}

.c2 {
  color: #2196F3;
  font-size: 15px;
  text-align: center;
  display: block;
  color: #ffffff;
}

<div>
  <div
    class="c0"
  >
    <div
      class="c1"
    >
      <svg
        class="ticket-svg"
        height="30"
        role="img"
        viewBox="0 0 32 33"
        width="30"
        xmlns="http://www.w3.org/2000/svg"
      >
        <path
          d="M10.775 24.309c.19.329.606.446.926.261l9.93-5.733.692 1.197-9.931 5.734c-.964.557-2.213.206-2.785-.785l-.719-1.245s1.564-1.382.415-3.371c-1.149-1.99-2.97-1.054-2.97-1.054l-.877-1.52c-.572-.99-.252-2.245.714-2.802l9.93-5.734.692 1.197-9.931 5.734a.678.678 0 0 0-.237.93l.354.613c.132-.01.27-.015.413-.011 1.218.03 2.329.672 3.08 1.972.73 1.264.776 2.538.308 3.663-.078.188-.165.36-.256.517l.252.437ZM21.225 8.69a.681.681 0 0 0-.926-.261l-9.93 5.733-.692-1.197 9.931-5.734c.964-.557 2.213-.206 2.785.785l.719 1.245s-1.564 1.382-.415 3.371c1.149 1.99 2.97 1.054 2.97 1.054l.877 1.52c.572.99.252 2.245-.714 2.802l-9.93 5.734-.692-1.197 9.931-5.734a.678.678 0 0 0 .237-.93l-.354-.613c-.132.01-.27.015-.413.011-1.218-.03-2.329-.672-3.08-1.972-.73-1.264-.776-2.538-.308-3.663.078-.188.165-.36.256-.517l-.252-.437Z"
        />
      </svg>
    </div>
    <span
      class="c2"
    >
      Meus Pedidos
    </span>
  </div>
</div>
`;
